// Jest Snapshot v1, https://goo.gl/fbAQLP

exports[`config should match snapshot 1`] = `
{
  "desktop": {
    "extends": "lighthouse:default",
    "settings": {
      "emulatedUserAgent": "Mozilla/5.0 (Macintosh; Intel Mac OS X 10_14_6) AppleWebKit/537.36 (KHTML, like Gecko) Chrome/90.0.4420.0 Safari/537.36 Chrome-Lighthouse",
      "formFactor": "desktop",
      "maxWaitForFcp": 15000,
      "maxWaitForLoad": 35000,
      "screenEmulation": {
        "deviceScaleFactor": 1,
        "disabled": false,
        "height": 940,
        "mobile": false,
        "width": 1350,
      },
      "skipAudits": [
        "uses-http2",
      ],
      "throttling": {
        "cpuSlowdownMultiplier": 1,
        "downloadThroughputKbps": 0,
        "requestLatencyMs": 0,
        "rttMs": 40,
        "throughputKbps": 10240,
        "uploadThroughputKbps": 0,
      },
    },
  },
  "mobile": {
    "extends": "lighthouse:default",
    "settings": {
      "maxWaitForFcp": 15000,
      "maxWaitForLoad": 35000,
      "skipAudits": [
        "uses-http2",
      ],
    },
  },
  "throttling": {
    "DEVTOOLS_RTT_ADJUSTMENT_FACTOR": 3.75,
    "DEVTOOLS_THROUGHPUT_ADJUSTMENT_FACTOR": 0.9,
    "desktopDense4G": {
      "cpuSlowdownMultiplier": 1,
      "downloadThroughputKbps": 0,
      "requestLatencyMs": 0,
      "rttMs": 40,
      "throughputKbps": 10240,
      "uploadThroughputKbps": 0,
    },
    "mobileRegular3G": {
      "cpuSlowdownMultiplier": 4,
      "downloadThroughputKbps": 630,
      "requestLatencyMs": 1125,
      "rttMs": 300,
      "throughputKbps": 700,
      "uploadThroughputKbps": 630,
    },
    "mobileSlow4G": {
      "cpuSlowdownMultiplier": 4,
      "downloadThroughputKbps": 1474.5600000000002,
      "requestLatencyMs": 562.5,
      "rttMs": 150,
      "throughputKbps": 1638.4,
      "uploadThroughputKbps": 675,
    },
  },
}
`;
